// Jest Snapshot v1, https://goo.gl/fbAQLP

exports[`renders Admin page 1`] = `
Object {
  "asFragment": [Function],
  "baseElement": <body>
    <div>
      <div>
        <form>
          <label>
            Name:
            <input
              name="name"
              type="text"
              value=""
            />
          </label>
          <label>
            Age:
            <input
              name="age"
              type="text"
              value=""
            />
          </label>
          <label>
            Image URL:
            <input
              name="image"
              type="text"
              value=""
            />
          </label>
          <label>
            Breed:
            <input
              name="breed"
              type="text"
              value=""
            />
          </label>
          <label>
            Bio:
            <input
              name="bio"
              type="text"
              value=""
            />
          </label>
          <button>
            submit
          </button>
        </form>
      </div>
    </div>
  </body>,
  "container": <div>
    <div>
      <form>
        <label>
          Name:
          <input
            name="name"
            type="text"
            value=""
          />
        </label>
        <label>
          Age:
          <input
            name="age"
            type="text"
            value=""
          />
        </label>
        <label>
          Image URL:
          <input
            name="image"
            type="text"
            value=""
          />
        </label>
        <label>
          Breed:
          <input
            name="breed"
            type="text"
            value=""
          />
        </label>
        <label>
          Bio:
          <input
            name="bio"
            type="text"
            value=""
          />
        </label>
        <button>
          submit
        </button>
      </form>
    </div>
  </div>,
  "debug": [Function],
  "findAllByAltText": [Function],
  "findAllByDisplayValue": [Function],
  "findAllByLabelText": [Function],
  "findAllByPlaceholderText": [Function],
  "findAllByRole": [Function],
  "findAllByTestId": [Function],
  "findAllByText": [Function],
  "findAllByTitle": [Function],
  "findByAltText": [Function],
  "findByDisplayValue": [Function],
  "findByLabelText": [Function],
  "findByPlaceholderText": [Function],
  "findByRole": [Function],
  "findByTestId": [Function],
  "findByText": [Function],
  "findByTitle": [Function],
  "getAllByAltText": [Function],
  "getAllByDisplayValue": [Function],
  "getAllByLabelText": [Function],
  "getAllByPlaceholderText": [Function],
  "getAllByRole": [Function],
  "getAllByTestId": [Function],
  "getAllByText": [Function],
  "getAllByTitle": [Function],
  "getByAltText": [Function],
  "getByDisplayValue": [Function],
  "getByLabelText": [Function],
  "getByPlaceholderText": [Function],
  "getByRole": [Function],
  "getByTestId": [Function],
  "getByText": [Function],
  "getByTitle": [Function],
  "queryAllByAltText": [Function],
  "queryAllByDisplayValue": [Function],
  "queryAllByLabelText": [Function],
  "queryAllByPlaceholderText": [Function],
  "queryAllByRole": [Function],
  "queryAllByTestId": [Function],
  "queryAllByText": [Function],
  "queryAllByTitle": [Function],
  "queryByAltText": [Function],
  "queryByDisplayValue": [Function],
  "queryByLabelText": [Function],
  "queryByPlaceholderText": [Function],
  "queryByRole": [Function],
  "queryByTestId": [Function],
  "queryByText": [Function],
  "queryByTitle": [Function],
  "rerender": [Function],
  "unmount": [Function],
}
`;
